[www.landio.com/index.html]
[www.landio.com/land-for-sale19aa.html]
[www.landio.com/land-for-sale2826.html]
[backblue.gif]
[fade.gif]
[index.html]
[cdn.prod.website-files.com/57e230cebffd9310200495d6/css/landio-ii.shared.c6967ff9b.min.css]
[ajax.googleapis.com/ajax/libs/webfont/1.6.26/webfont.js]
[cdn.prod.website-files.com/57e230cebffd9310200495d6/64f435897a05afc618e4adfe_LANDIO.png]
[cdn.prod.website-files.com/57e230cebffd9310200495d6/64f435f9b31af27272805e6e_LANDIO.png]
[nexus.ensighten.com/choozle/18733/Bootstrap.js]
[cdn.prod.website-files.com/57e230cebffd9310200495d6/57e230cebffd9310200495df_Close.png]
[www.landio.com/land-for-sale33e2.html]
[www.landio.com/land-for-sale.html]
[www.landio.com/land-for-sale9770.html]
[www.landio.com/land-for-saled9af.html]
[www.landio.com/testimonials.html]
[www.landio.com/about.html]
[www.landio.com/contact.html]
[www.landio.com/landio-real-estate-marketing-services.html]
[www.landio.com/real-estate-marketing-2.html]
[www.landio.com/listing/co-saguache-00008.html]
[cdn.prod.website-files.com/57e230cebffd9310200495da/686c812e545322c29d3132d3_co_saguache_00008_1.jpg]
[www.landio.com/listing/wy-carbon-00061.html]
[cdn.prod.website-files.com/57e230cebffd9310200495da/6862d60494a91ae9ae9e043f_wy_carbon_00061_1.jpg]
[cdn.prod.website-files.com/57e230cebffd9310200495da/68534a133f5a46fc40eb2054_CA_San-Luis-Obispo_00001.001.jpg]
[www.landio.com/listing/nv-elko-00001.html]
[cdn.prod.website-files.com/57e230cebffd9310200495da/68506828c3029071ef802127_nv_elko_00001_1.jpg]
[www.landio.com/listing/wy-carbon-00060.html]
[cdn.prod.website-files.com/57e230cebffd9310200495da/68456065ee7cc52c18babd74_wy_carbon_00060_1.jpg]
[www.landio.com/listing/tn-stewart-00082.html]
[cdn.prod.website-files.com/57e230cebffd9310200495da/686b17671312d415bca31cfa_tn_stewart_00082_1.jpg]
[www.landio.com/listing/tn-stewart-00072.html]
[cdn.prod.website-files.com/57e230cebffd9310200495da/686b16a2bea9eb31a64c069d_tn_stewart_00072_1.jpg]
[cdn.prod.website-files.com/57e230cebffd9310200495da/686b15df0d44c04c7162ef92_tn_stewart_00071_1.jpg]
[www.landio.com/listing/tn-stewart-00069.html]
[cdn.prod.website-files.com/57e230cebffd9310200495da/686b14f0bf8b5d7ad33cd34e_tn_stewart_00069_1.jpg]
[www.landio.com/listing/tn-stewart-00063.html]
[cdn.prod.website-files.com/57e230cebffd9310200495da/68800d52c091163a9fdb66a9_tn_stewart_00063_1.jpg]
[www.landio.com/listing/tn-stewart-00059.html]
[cdn.prod.website-files.com/57e230cebffd9310200495da/686b148229858215ab9dc9c4_tn_stewart_00059_1.jpg]
[www.landio.com/listing/tn-stewart-00053.html]
[cdn.prod.website-files.com/57e230cebffd9310200495da/6877dde5ebb907e57cd752d8_TN_Stewart_00053 - 1.jpg]
[cdn.prod.website-files.com/57e230cebffd9310200495da/686b1328c61aff0be7127131_tn_stewart_00052_1.jpg]
[www.landio.com/listing/tn-stewart-00050.html]
[cdn.prod.website-files.com/57e230cebffd9310200495da/686b129afa557f4402421ba7_tn_stewart_00050_1.jpg]
[www.landio.com/listing/tn-stewart-00049.html]
[cdn.prod.website-files.com/57e230cebffd9310200495da/686b12080db2fef1de82e948_tn_stewart_00049_1.jpg]
[cdn.prod.website-files.com/57e230cebffd9310200495da/686b1167f57b63285588ec2a_tn_stewart_00048_1.jpg]
[www.landio.com/listing/ar-jefferson-00001.html]
[cdn.prod.website-files.com/57e230cebffd9310200495da/68735b17de0e69517a552be5_ar_jefferson_00001_1.jpg]
[www.landio.com/listing/nm-torrance-00019.html]
[cdn.prod.website-files.com/57e230cebffd9310200495da/68729f0b33838b796128e934_nm_torrance_00019_1.jpg]
[www.landio.com/listing/nv-humboldt-00001.html]
[cdn.prod.website-files.com/57e230cebffd9310200495da/67d34be4457d41bbd3b6e287_nv_humboldt_00001_1.jpg]
[cdn.prod.website-files.com/57e230cebffd9310200495da/67cb859e956b146ddad81862_nm_cibola_00079_1.jpg]
[cdn.prod.website-files.com/57e230cebffd9310200495da/67c096472cfc15a1498eb3ff_nm_cibola_00078_1.jpg]
[www.landio.com/listing/ca-siskiyou-00001.html]
[cdn.prod.website-files.com/57e230cebffd9310200495da/67bde1784bdb487c58570385_ca_siskiyou_00002_1.jpg]
[cdn.prod.website-files.com/57e230cebffd9310200495da/67465cd7d98c65007d6d0490_az_pima_00001_1.jpg]
[cdn.prod.website-files.com/57e230cebffd9310200495da/6792d83c194f4b5a31a13e8c_nm_luna_00031_1.jpg]
[www.landio.com/listing/co-huerfano-00110.html]
[cdn.prod.website-files.com/57e230cebffd9310200495da/6694099979c4ff2e354e5306_co_huerfano_00110_1.jpg]
[cdn.prod.website-files.com/57e230cebffd9310200495da/663c1f9994862223ea54f502_co_las-animas_00001_1.jpg]
[www.landio.com/listing/fl-calhoun-00001.html]
[cdn.prod.website-files.com/57e230cebffd9310200495da/66832e3b237526d31a743d99_fl_calhoun_00001_1.jpg]
[www.landio.com/listing/nm-cibola-00077.html]
[cdn.prod.website-files.com/57e230cebffd9310200495da/66ca9338a84a018f516f3b03_nm_cibola_00077_1.jpg]
[www.landio.com/listing/co-saguache-00005.html]
[cdn.prod.website-files.com/57e230cebffd9310200495da/66abee716c60fe55e674150b_co_saguache_00005_1.jpg]
[cdn.prod.website-files.com/57e230cebffd9310200495da/6542e7aaf373198008f1da21_fl_washington_00002_1.jpg]
[cdn.prod.website-files.com/57e230cebffd9310200495da/673fc8a3191366a0781c0fc2_az_mohave_00003_1.jpg]
[cdn.prod.website-files.com/57e230cebffd9310200495da/675b1bffe9e7a91249e0b92d_nm_santa-fe_00001_1.jpg]
[www.landio.com/listing/nm-mckinley-00002.html]
[cdn.prod.website-files.com/57e230cebffd9310200495da/6758b9d52ea3edbb881d9e7c_nm_mckinley_00002_1.jpg]
[cdn.prod.website-files.com/57e230cebffd9310200495da/6463fea5d04eb6554f1be5dc_nm_torrance_00018_1.jpg]
[cdn.prod.website-files.com/57e230cebffd9310200495da/67521cd9999e21070351f635_wa_clark_00004_1.jpg]
[www.landio.com/listing/wa-clark-00003.html]
[cdn.prod.website-files.com/57e230cebffd9310200495da/6752150e4e1d0bd6797a5456_wa_clark_00003_1.jpg]
[cdn.prod.website-files.com/57e230cebffd9310200495da/6750915655751badd4440676_nm_socorro_00001_1.jpg]
[cdn.prod.website-files.com/57e230cebffd9310200495da/6750776b9ecca701b388cccd_ca_inyo_00013_1.jpg]
[www.landio.com/listing/tx-bailey-00001.html]
[cdn.prod.website-files.com/57e230cebffd9310200495da/66e39ee25291392004c42018_TX_Bailey_00001.jpg]
[cdn.prod.website-files.com/57e230cebffd9310200495da/673b81858ed7c4e44684d468_co_costilla_00026_1.jpg]
[cdn.prod.website-files.com/57e230cebffd9310200495da/673b7af64003792c384ccba0_co_costilla_00025_1.jpg]
[www.landio.com/listing/tx-gillespie-00001.html]
[cdn.prod.website-files.com/57e230cebffd9310200495da/67215f47f76b948050b5e4a8_tx_gillespie_00001_1.jpg]
[cdn.prod.website-files.com/57e230cebffd9310200495da/6737f14a49a341d474445aa5_ca_lassen_00001_1.jpg]
[www.landio.com/listing/tn-wilson-00001.html]
[cdn.prod.website-files.com/57e230cebffd9310200495da/67251e5cd49f29a9ea0d63ac_tn_wilson_00001_1.jpg]
[cdn.prod.website-files.com/57e230cebffd9310200495da/67167cee311a05912ee3a2fb_tx_montague_00001_1.jpg]
[www.landio.com/listing/co-costilla-00023.html]
[cdn.prod.website-files.com/57e230cebffd9310200495da/67198a974e1a66bd86daa613_co_costilla_00023_1.jpg]
[www.landio.com/listing/mi-oakland-00001.html]
[cdn.prod.website-files.com/57e230cebffd9310200495da/67ca1e231d2919ac535dbad6_mi_oakland_00001_1.jpg]
[www.landio.com/listing/co-montrose-00001.html]
[cdn.prod.website-files.com/57e230cebffd9310200495da/670e9a3c9eaa1bab0f36a701_Untitled.001.jpg]
[cdn.prod.website-files.com/57e230cebffd9310200495da/67044cc808f96686ce91b066_co_park_00003_1.jpg]
[cdn.prod.website-files.com/57e230cebffd9310200495da/667c9b8deff69baf402fc225_ca_los-angeles_00001_1.jpg]
[www.landio.com/listing/tx-hardin-00001.html]
[cdn.prod.website-files.com/57e230cebffd9310200495da/66f355af6cc813f5bca620fd_tx_hardin_00001_1.jpg]
[www.landio.com/listing/mt-lake-00001.html]
[cdn.prod.website-files.com/57e230cebffd9310200495da/669aa90c97863a4e15c2ea80_MT_Lake_00001 Property 001.jpg]
[www.landio.com/listing/az-mohave-00002.html]
[cdn.prod.website-files.com/57e230cebffd9310200495da/6792733e94d4996f324f2b7d_az_mohave_00002_1.jpg]
[www.landio.com/listing/tn-lewis-00002.html]
[cdn.prod.website-files.com/57e230cebffd9310200495da/66b64ec16f84855e100fdeed_tn_lewis_00002_1.jpg]
[cdn.prod.website-files.com/57e230cebffd9310200495da/66bcf6b0483ed7855e8bcdee_nm_colfax_00002_1.jpg]
[www.landio.com/listing/tn-lewis-00001.html]
[cdn.prod.website-files.com/57e230cebffd9310200495da/66b64c0a4fa2af4d60af23db_tn_lewis_00001-1.jpg]
[cdn.prod.website-files.com/57e230cebffd9310200495da/66aaadd0c422daa60e3f615d_wa_ferry_00001_1.jpg]
[cdn.prod.website-files.com/57e230cebffd9310200495da/66b38bf71470c9889c8bdef5_VA_Rockbridge_00001.jpg]
[cdn.prod.website-files.com/57e230cebffd9310200495da/66b2a2386d81f5d8ced9555a_co_costilla_00022_1.jpg]
[cdn.prod.website-files.com/57e230cebffd9310200495da/64e127dbda6414527cc6a14b_TX_Tarrant_00001 - 1.jpg]
[www.landio.com/listing/al-madison-00001.html]
[cdn.prod.website-files.com/57e230cebffd9310200495da/6691a8d278cf6054ea794556_al_madison_00001_1.jpg]
[www.landio.com/listing/fl-polk-00001.html]
[cdn.prod.website-files.com/57e230cebffd9310200495da/668db8b0f7cee8bea0407647_fl_polk_00001_1.jpg]
[www.landio.com/listing/nc-mecklenburg-00001.html]
[cdn.prod.website-files.com/57e230cebffd9310200495da/6685b6dbac6504e297654e22_nc_mecklenburg_00001_4.jpg]
[cdn.prod.website-files.com/57e230cebffd9310200495da/66810832fe13d39a3b202cf2_tx_leon_00002_1.jpg]
[www.landio.com/listing/co-costilla-00020.html]
[cdn.prod.website-files.com/57e230cebffd9310200495da/664fcb756deb28488c68e838_co_costilla_00020_1.jpg]
[cdn.prod.website-files.com/57e230cebffd9310200495da/6657554f0dc96d0fcc8a4d26_co_teller_00004_1.jpg]
[cdn.prod.website-files.com/57e230cebffd9310200495da/6643d540fe39d1c4c085746e_nm_catron_00004_1.jpg]
[cdn.prod.website-files.com/57e230cebffd9310200495da/6658a31d7ef9d2390d856f46_co_park_00002_1.jpg]
[cdn.prod.website-files.com/57e230cebffd9310200495da/664fbf19f400745957776b87_sc_laurens_00001_1.jpg]
[cdn.prod.website-files.com/57e230cebffd9310200495da/664e5442425596f35cdb81bf_nm_cibola_00075_1.jpg]
[cdn.prod.website-files.com/57e230cebffd9310200495da/656679922bde4288b4dc5333_NM_Cibola_00040 Property 001.jpg]
[cdn.prod.website-files.com/57e230cebffd9310200495da/676089ce97eeecb459673e25_tn_stewart_00003_1.jpg]
[cdn.prod.website-files.com/57e230cebffd9310200495da/67be40593a925e1d5a38e132_tn_stewart_00019_1.jpg]
[cdn.prod.website-files.com/57e230cebffd9310200495da/62dd94e9a727206e24f705fa_nm_sandoval_00001_1.jpg]
[www.landio.com/listing/ca-inyo-00011.html]
[cdn.prod.website-files.com/57e230cebffd9310200495da/622ec027abcd6f524bbc4766_CA_Inyo_00011_Round-1_Sarah.001.jpg]
[cdn.prod.website-files.com/57e230cebffd9310200495da/622eb841e78c33246783e425_CA_Inyo_00010_Round-1_Matt.001.jpg]
[cdn.prod.website-files.com/57e230cebffd9310200495da/67b798c0d4ec8dc2b862864c_ca_inyo_00004_1.jpg]
[cdn.prod.website-files.com/57e230cebffd9310200495da/6462b479428014189a3a9cb7_nm_torrance_00017_1.jpg]
[cdn.prod.website-files.com/57e230cebffd9310200495da/645e9ad1d806e0d2308ac989_nm_torrance_00013_1.jpg]
[cdn.prod.website-files.com/57e230cebffd9310200495da/6462c5754aaf13e5d8ec8c10_nm_torrance_00014_1.jpg]
[www.landio.com/listing/tx-polk-00022.html]
[cdn.prod.website-files.com/57e230cebffd9310200495da/6875e37e35e42db992e95311_tx_polk_00022_1.jpg]
[cdn.prod.website-files.com/57e230cebffd9310200495da/67c0da2fcb1259053b11df0d_nm_cibola_00019_1.jpg]
[cdn.prod.website-files.com/57e230cebffd9310200495da/67ad371408a6dd5f8758468e_nm_cibola_00028_1.jpg]
[www.landio.com/state/alaska.html]
[www.landio.com/state/california.html]
[www.landio.com/state/colorado.html]
[www.landio.com/state/idaho.html]
[www.landio.com/state/maine.html]
[www.landio.com/state/michigan.html]
[www.landio.com/state/nevada.html]
[www.landio.com/state/new-mexico.html]
[www.landio.com/state/oregon.html]
[www.landio.com/state/tennessee.html]
[www.landio.com/state/texas.html]
[www.landio.com/state/utah.html]
[www.landio.com/state/washington.html]
[www.landio.com/state/west-virginia.html]
[www.landio.com/faqs.html]
[www.landio.com/terms-and-conditions.html]
[www.landio.com/privacy-policy.html]
[cdn.prod.website-files.com/57e230cebffd9310200495d6/614e4ba55e3fbfb1a76b8238_LANDiO-eXp-Realty.png]
[cdn.prod.website-files.com/57e230cebffd9310200495d6/5881ff214ac19f852fa4bc4d_iconmonstr-youtube-9-240.png]
[cdn.prod.website-files.com/57e230cebffd9310200495d6/5881fe67cab652ab5b7187c3_iconmonstr-facebook-4-240.png]
[d3e54v103j8qbb.cloudfront.net/js/jquery-3.5.1.min.dc5e7f18c8ffa3.js]
[cdn.prod.website-files.com/57e230cebffd9310200495d6/js/landio-ii.schunk.b10fd4512ab20dde.js]
[cdn.prod.website-files.com/57e230cebffd9310200495d6/js/landio-ii.db87c822.987749f249fe817a.js]
[js.hs-scripts.com/44552325.js]
[www.googleadservices.com/pagead/f.txt]
[mc.yandex.ru/metrika/watch.js]
[cdn.prod.website-files.com/57e230cebffd9310200495d6/js/landio-ii.schunk.f2bd10af4116f3f8.js]
[www.landio.com/index.html]
[cdn.jsdelivr.net/npm/@finsweet/attributes-cmsfilter@1/cmsfilter.js]
[cdn.jsdelivr.net/npm/@finsweet/attributes-cmssort@1/cmssort.js]
[cdn.jsdelivr.net/npm/@finsweet/attributes-cmsload@1/cmsload.js]
[cdn.jsdelivr.net/npm/@finsweet/attributes-mirrorinput@1/mirrorinput.js]
[cdn.jsdelivr.net/npm/@finsweet/attributes-mirrorclick@1/mirrorclick.js]
[cdn.jsdelivr.net/npm/@finsweet/attributes-rangeslider@1/rangeslider.js]
[cdn.jsdelivr.net/npm/@finsweet/attributes-cmsslider@1/cmsslider.js]
[cdn.debugbear.com/S0ycDWJ7TKxA.js]
[cdn.prod.website-files.com/57e230cebffd9310200495d6/654048064635d071fc8d51d5_search.png]
[cdn.prod.website-files.com/57e230cebffd9310200495d6/65327af01ba0a8ed2ff448bc_image-placeholder opt.png]
[www.landio.com/listing/nm-luna-00017.html]
[cdn.prod.website-files.com/57e230cebffd9310200495da/68654c7c52819cca293bd272_nm_luna_00017_1.jpg]
[cdn.prod.website-files.com/57e230cebffd9310200495da/674e1be11f15f615c042739a_ca_inyo_00012_1.jpg]
[cdn.prod.website-files.com/57e230cebffd9310200495da/681d2663b6c9656b437b295c_tn_stewart_00062_1.jpg]
[cdn.prod.website-files.com/57e230cebffd9310200495da/664cb54caa9988a04bc72df5_co_costilla_00019_1.jpg]
[cdn.prod.website-files.com/57e230cebffd9310200495da/681d0a3beb3df07bd25bbc45_tn_stewart_00074_1.jpg]
[cdn.prod.website-files.com/57e230cebffd9310200495da/681d0d5acb3122eb07c7b565_tn_stewart_00073_1.jpg]
[www.landio.com/listing/tn-stewart-00070.html]
[cdn.prod.website-files.com/57e230cebffd9310200495da/686b1593226251504a5c30e0_tn_stewart_00070_1.jpg]
[cdn.prod.website-files.com/57e230cebffd9310200495da/681d1b4a97fa71cb290cd91c_tn_stewart_00068_1.jpg]
[cdn.prod.website-files.com/57e230cebffd9310200495da/681d1d01d0f4b4691139d4cd_tn_stewart_00067_1.jpg]
[cdn.prod.website-files.com/57e230cebffd9310200495da/681d206937976e9dcaa0b36c_tn_stewart_00066_1.jpg]
[cdn.prod.website-files.com/57e230cebffd9310200495da/681d22c3e2c357c8318f3b70_tn_stewart_00065_1.jpg]
[cdn.prod.website-files.com/57e230cebffd9310200495da/681d24612343d8b44602cc34_tn_stewart_00064_1.jpg]
[cdn.prod.website-files.com/57e230cebffd9310200495da/681d275b8510a4b15dece391_tn_stewart_00061_1.jpg]
[cdn.prod.website-files.com/57e230cebffd9310200495da/681d2865097a7cc330c96818_tn_stewart_00060_1.jpg]
[cdn.prod.website-files.com/57e230cebffd9310200495da/681d2b11e481790df08f3455_tn_stewart_00058_1.jpg]
[cdn.prod.website-files.com/57e230cebffd9310200495da/681d2c7cd8039fa06c7a59c6_tn_stewart_00057_1.jpg]
[cdn.prod.website-files.com/57e230cebffd9310200495da/681d2e0e2343d8b4460928e8_tn_stewart_00056_1.jpg]
[cdn.prod.website-files.com/57e230cebffd9310200495da/681d2f09d8039fa06c7be5da_tn_stewart_00055_1.jpg]
[cdn.prod.website-files.com/57e230cebffd9310200495da/681d30282c198aa29ab0fecb_tn_stewart_00054_1.jpg]
[www.landio.com/listing/tn-stewart-00051.html]
[cdn.prod.website-files.com/57e230cebffd9310200495da/681d3367294245012a9f8480_tn_stewart_00051_1.jpg]
[cdn.prod.website-files.com/57e230cebffd9310200495da/6810fce769456ef7ee91c032_tn_stewart_00047_1.jpg]
[cdn.prod.website-files.com/57e230cebffd9310200495da/66f2dfab727b103d11c11b0c_NC_Ashe_00009.jpg]
[www.landio.com/listing/tx-sabine-00001.html]
[cdn.prod.website-files.com/57e230cebffd9310200495da/682aadc4b9e40105b84758bb_tx_sabine_00001_1.jpg]
[www.landio.com/listing/wy-carbon-00038.html]
[cdn.prod.website-files.com/57e230cebffd9310200495da/679d13e829b14e48b0959e2e_WY_Carbon_00038.jpg]
[cdn.prod.website-files.com/57e230cebffd9310200495da/5eb1ce3bbab3293481a71baf_nm_cibola_00047_main-2.jpg]
[cdn.prod.website-files.com/57e230cebffd9310200495da/682f9722feb66c57a5c8788c_wy_albany_00002_1.jpg]
[cdn.prod.website-files.com/57e230cebffd9310200495da/5d2bea18b9b05d7449428b8d_Sangre de Cristo Estates -5.jpg]
[cdn.prod.website-files.com/57e230cebffd9310200495da/67b3bad3529a72a36c2ba702_co_alamosa_00001_1.jpg]
[www.landio.com/listing/tn-stewart-00016.html]
[cdn.prod.website-files.com/57e230cebffd9310200495da/652753beabf5097cad74e71e_TN_Stewart_00016 - 1.jpg]
[cdn.prod.website-files.com/57e230cebffd9310200495da/66f3c5bf1839ecf8f58750da_co_saguache_00007_1.jpg]
[cdn.prod.website-files.com/57e230cebffd9310200495da/6605b06791491b16769667b9_GA_Warren_00001.jpg]
[cdn.prod.website-files.com/57e230cebffd9310200495da/677da4f708d67e339322949c_ms_panola_00001_1.jpg]
[cdn.prod.website-files.com/57e230cebffd9310200495da/67bcade9181257dd59e1f9f4_co_costilla_00016_1.jpg]
[cdn.prod.website-files.com/57e230cebffd9310200495da/682793db9347fbb874220994_tn_stewart_00117_1.jpg]
[cdn.prod.website-files.com/57e230cebffd9310200495da/68292047d32000667106e303_wy_carbon_00059_1.jpg]
[www.landio.com/listing/tn-stewart-00030.html]
[cdn.prod.website-files.com/57e230cebffd9310200495da/6761fdda7ed8defa703451bb_tn_stewart_00030_1.jpg]
[www.landio.com/listing/tn-stewart-00025.html]
[cdn.prod.website-files.com/57e230cebffd9310200495da/6795d581aa01c208155f105a_tn_stewart_00025_1.jpg]
[cdn.prod.website-files.com/57e230cebffd9310200495da/6794181b2506e82a7514f548_tn_stewart_00024_1.jpg]
[cdn.prod.website-files.com/57e230cebffd9310200495da/675a33b63df5b17fde4262bc_tn_stewart_00023_1.jpg]
[cdn.prod.website-files.com/57e230cebffd9310200495da/675a1191ef79144f81c7a4a8_tn_stewart_00022_1.jpg]
[cdn.prod.website-files.com/57e230cebffd9310200495da/67587bad1e62773067e753e8_tn_stewart_00021_1.jpg]
[cdn.prod.website-files.com/57e230cebffd9310200495da/65fcbf2cd7af83cb9059a94a_co_alamosa_00005_1.jpg]
[www.landio.com/listing/co-alamosa-00019.html]
[cdn.prod.website-files.com/57e230cebffd9310200495da/682fbe26535cafb0bf30a6a8_CO_Alamosa_00019.001.jpg]
[cdn.prod.website-files.com/57e230cebffd9310200495da/66fee1dccfd4c9de9ee2ff4a_nm_valencia_00003_1.jpg]
[cdn.prod.website-files.com/57e230cebffd9310200495da/680b429cf2567297b09a8063_il_piatt_00002_1.jpg]
[www.landio.com/listing/fl-taylor-00001.html]
[cdn.prod.website-files.com/57e230cebffd9310200495da/668482f15290c7ddae3f0563_fl_taylor_00001_1.jpg]
[cdn.prod.website-files.com/57e230cebffd9310200495da/671a91eb8916e1fdcc238f51_tx_pamer_00001_1.jpg]
[cdn.prod.website-files.com/57e230cebffd9310200495da/670772070153c950c78121cd_tx_hockley_00001_1.jpg]
[www.landio.com/listing/tn-stewart-00044.html]
[cdn.prod.website-files.com/57e230cebffd9310200495da/67ec8efa47c05f259ba4b411_tn_stewart_00044_1.jpg]
[www.landio.com/listing/tn-stewart-00045.html]
[cdn.prod.website-files.com/57e230cebffd9310200495da/67edb2fa59bdbf170f35ef84_tn_stewart_00045_1.jpg]
[cdn.prod.website-files.com/57e230cebffd9310200495da/6809008a1d84ea98d72c4315_tn_stewart_00046_1.jpg]
[www.landio.com/listing/nm-san-miguel-00002.html]
[cdn.prod.website-files.com/57e230cebffd9310200495da/646014a88897146b22de4d6b_nm_san-miguel_00002_1.jpg]
[cdn.prod.website-files.com/57e230cebffd9310200495da/6760642d37dcb8cac0861d91_tn_stewart_00017_1.jpg]
[cdn.prod.website-files.com/57e230cebffd9310200495da/6769408e300b74873794d7f0_or_klamath_00004_1.jpg]
[cdn.prod.website-files.com/57e230cebffd9310200495da/645d59fd9e78d556e9799d82_nm_torrance_00012_1.jpg]
[www.landio.com/listing/tn-stewart-00043.html]
[cdn.prod.website-files.com/57e230cebffd9310200495da/673cca42da62803e965e0f5c_tn_stewart_00043_1.jpg]
[cdn.prod.website-files.com/57e230cebffd9310200495da/67a54c4f9e14da6ef389544e_co_huerfano_00076_1.jpg]
[cdn.prod.website-files.com/57e230cebffd9310200495da/665283d0317704ec78ea231c_TN_Giles_00002.jpg]
[www.landio.com/land-for-salece11.html]
[cdn.prod.website-files.com/57e230cebffd9310200495d6/js/landio-ii.schunk.307a8c8aabb5bf59.js]
[cdn.prod.website-files.com/57e230cebffd9310200495d6/js/landio-ii.e029c000.9a84c5ca9f08b577.js]
[www.landio.com/land-for-sale19aa.html]
[www.landio.com/land-for-sale2826.html]
[cdn.prod.website-files.com/57e230cebffd9310200495d6/css/landio-ii.shared.c6967ff9b.min.css]
[www.landio.com/land-for-sale33e2.html]
[cdn.jsdelivr.net/gh/js-cookie/js-cookie@v2.1.2/src/js.cookie.js]
[www.landio.com/land-for-sale.html]
[www.landio.com/land-for-sale9770.html]
[www.landio.com/land-for-saled9af.html]
[www.landio.com/testimonials.html]
[cdn.prod.website-files.com/57e230cebffd9310200495d6/js/landio-ii.schunk.d23b738fc315be56.js]
[www.landio.com/about.html]
[www.landio.com/contact.html]
[cdn.prod.website-files.com/57e230cebffd9310200495d6/js/landio-ii.8e7b01c7.2b375cc3df6c3c25.js]
[www.landio.com/post/post-my-property.html]
[www.landio.com/checkout.html]
[cdn.prod.website-files.com/57e230cebffd9310200495d6/js/landio-ii.schunk.b9c12f6d14aaecfa.js]
[cdn.prod.website-files.com/57e230cebffd9310200495d6/js/landio-ii.schunk.cfa103bfae2358b9.js]
[www.landio.com/landio-real-estate-marketing-services.html]
[cdn.prod.website-files.com/57e230cebffd9310200495d6/js/landio-ii.576358bf.d29c55a040479657.js]
[cdn.prod.website-files.com/57e230cebffd9310200495da/6591e6de12e347d4da9f5eaa_LANDIO Marketing Package_AVAILABLE Section.jpg]
[cdn.prod.website-files.com/57e230cebffd9310200495da/6591e6f0e84d95473b321cee_LANDIO Marketing Package_Interactive Map.jpg]
[cdn.prod.website-files.com/57e230cebffd9310200495da/6591e73e0f76be8f771920e7_LANDIO Marketing Package_Satellite Parcel Image.jpg]
[cdn.prod.website-files.com/57e230cebffd9310200495da/6591e74ae84d95473b325d00_LANDIO Marketing Package_Contour Line Parcel Image.jpg]
[cdn.prod.website-files.com/57e230cebffd9310200495da/6591e75587e7a98e276f5b82_LANDIO Marketing Package_Topographic Parcel Image.jpg]
[cdn.prod.website-files.com/57e230cebffd9310200495da/6591e75f5f4bebbe3e7f4f60_LANDIO Marketing Package_3D Terrain Image.jpg]
[cdn.prod.website-files.com/57e230cebffd9310200495da/6591f6840739d6822e6bff67_LANDIO Marketing Package_Property Details.jpg]
[cdn.prod.website-files.com/57e230cebffd9310200495da/6591f87f86f93610c24c143e_LANDIO Marketing Package_Property Images.jpg]
[cdn.prod.website-files.com/57e230cebffd9310200495da/6591f87064b57376876ec0c3_LANDIO Marketing Package_Property Description.jpg]
[cdn.prod.website-files.com/57e230cebffd9310200495da/6591f8658cc9782a3020aaac_LANDIO Marketing Package_Inbound Leads.jpg]
[www.landio.com/real-estate-marketing-2.html]
[cdn.prod.website-files.com/57e230cebffd9310200495d6/js/landio-ii.06054737.629c8f4f20999210.js]
[cdn.prod.website-files.com/57e230cebffd9310200495d6/65404777abfaaffbf90f34ec_send.png]
[sdks.shopifycdn.com/buy-button/latest/buy-button-storefront.min.js]
[cdn.prod.website-files.com/57e230cebffd9310200495d6/657a111b299599c05d05503f_LANDIO - dark fill.png]
[cdn.prod.website-files.com/57e230cebffd9310200495d6/js/landio-ii.schunk.d4c08b888379ac2b.js]
[www.landio.com/listing/co-saguache-00008.html]
[www.landio.com/listing/wy-carbon-00061.html]
[www.landio.com/listing/nv-elko-00001.html]
[www.landio.com/listing/wy-carbon-00060.html]
[cdn.prod.website-files.com/57e230cebffd9310200495d6/js/landio-ii.bcaffeb8.89e3e483c006d0f5.js]
[www.landio.com/listing/tn-stewart-00082.html]
[www.landio.com/listing/tn-stewart-00072.html]
[www.landio.com/listing/tn-stewart-00069.html]
[www.landio.com/listing/tn-stewart-00063.html]
[www.landio.com/listing/tn-stewart-00059.html]
[www.landio.com/listing/tn-stewart-00053.html]
[www.landio.com/listing/ca-san-luis-obispo-00001.html]
[www.landio.com/listing/tn-stewart-00050.html]
[www.landio.com/listing/tn-stewart-00049.html]
[www.landio.com/listing/ar-jefferson-00001.html]
[www.landio.com/listing/nm-torrance-00019.html]
[www.landio.com/listing/nv-humboldt-00001.html]
[www.landio.com/listing/ca-siskiyou-00001.html]
[www.landio.com/listing/co-huerfano-00110.html]
[www.landio.com/listing/fl-calhoun-00001.html]
[www.landio.com/listing/nm-cibola-00077.html]
[www.landio.com/listing/co-saguache-00005.html]
[www.landio.com/listing/nm-mckinley-00002.html]
[www.landio.com/listing/wa-clark-00003.html]
[www.landio.com/listing/tx-bailey-00001.html]
[www.landio.com/listing/tx-gillespie-00001.html]
[www.landio.com/listing/tn-wilson-00001.html]
[www.landio.com/listing/co-costilla-00023.html]
[www.landio.com/listing/mi-oakland-00001.html]
[www.landio.com/listing/co-montrose-00001.html]
[www.landio.com/listing/tx-hardin-00001.html]
[www.landio.com/listing/mt-lake-00001.html]
[www.landio.com/listing/az-mohave-00002.html]
[www.landio.com/listing/tn-lewis-00002.html]
[www.landio.com/listing/tn-lewis-00001.html]
[www.landio.com/listing/al-madison-00001.html]
[www.landio.com/listing/fl-polk-00001.html]
[www.landio.com/listing/nc-mecklenburg-00001.html]
[www.landio.com/listing/co-costilla-00020.html]
[www.landio.com/listing/ca-inyo-00011.html]
[www.landio.com/listing/tx-polk-00022.html]
[www.landio.com/state/alabama.html]
[cdn.prod.website-files.com/57e230cebffd9310200495da/6668f76e192947ca9f61ea64_ak_kenai-peninsula-borough_00001_1.jpg]
[www.landio.com/state/alaska.html]
[www.landio.com/state/arkansas.html]
[cdn.prod.website-files.com/57e230cebffd9310200495da/671c1a6987348a14bae7b65d_ca_trinity_00002_1.jpg]
[cdn.prod.website-files.com/57e230cebffd9310200495da/634b48ea3b32693c63eafe4d_CA_San-Bernardino_00002 - 1.jpg]
[www.landio.com/listing/ca-san-diego-00002.html]
[cdn.prod.website-files.com/57e230cebffd9310200495da/62de0d145b94182d99aaf371_ca_san-diego_00002_1.jpg]
[cdn.prod.website-files.com/57e230cebffd9310200495da/627bc5c042ed9753bdc1a745_ca_san-diego_00001_main-1.jpg]
[cdn.prod.website-files.com/57e230cebffd9310200495da/622eaae2395c962ab5860ca0_CA_Inyo_00009_Round-1_Sarah.001.jpg]
[cdn.prod.website-files.com/57e230cebffd9310200495da/622e9cad02e90a640aa9ccfc_CA_Inyo_00008_Round-1_Matt.001.jpg]
[cdn.prod.website-files.com/57e230cebffd9310200495da/622e8e7f27081c30285447cc_CA_Inyo_00007_Round-1_Sarah.001.jpg]
[cdn.prod.website-files.com/57e230cebffd9310200495da/622e50b5773263420a02638e_CA_Inyo_00006.001.jpg]
[www.landio.com/listing/ca-inyo-00005.html]
[cdn.prod.website-files.com/57e230cebffd9310200495da/622e45286231143c0bbc8620_CA_Inyo_00005.001.jpg]
[cdn.prod.website-files.com/57e230cebffd9310200495da/622ccd645f7c2112f1b3e466_CA_Inyo_00003.001.jpg]
[cdn.prod.website-files.com/57e230cebffd9310200495da/622cc4ece8f1fa16c54d78e7_CA_Inyo_00002.001.jpg]
[cdn.prod.website-files.com/57e230cebffd9310200495da/622bdc488b4a1d1d4e1eccc4_CA_Inyo_00001.001.jpg]
[cdn.prod.website-files.com/57e230cebffd9310200495da/5ed674487a40e1337bfd0412_ca_trinity_00001_main-1.jpg]
[www.landio.com/state/california.html]
[www.landio.com/listing/co-clear-creek-00002.html]
[cdn.prod.website-files.com/57e230cebffd9310200495da/66fdb6bd746b660dcc94fac1_co_clear-creek_00002_1.jpg]
[cdn.prod.website-files.com/57e230cebffd9310200495da/66f721fe6e950d2c22c2dd7b_co_costilla_00024_1.jpg]
[cdn.prod.website-files.com/57e230cebffd9310200495da/66b7a77a4024fd093e591767_CO_Montezuma_00001.jpg]
[cdn.prod.website-files.com/57e230cebffd9310200495da/66b290f876ef5948f1f8f58a_co_costilla_00021-1.jpg]
[cdn.prod.website-files.com/57e230cebffd9310200495da/66a186cdc549c904365ac594_co_clear-creek_00001_1.jpg]
[cdn.prod.website-files.com/57e230cebffd9310200495da/66315f5b5d3df2a6a7f743bd_CO_Costilla_00018.001.jpg]
[cdn.prod.website-files.com/57e230cebffd9310200495da/64e922e348934e1327f40fc3_co_costilla_00015 _1.jpg]
[cdn.prod.website-files.com/57e230cebffd9310200495da/6578945d45376811d09a70ae_co_rio-grande_00002_4.jpg]
[cdn.prod.website-files.com/57e230cebffd9310200495da/64b0541257bb31b53baf6017_CO_Alamosa_00059 Property 001.jpg]
[cdn.prod.website-files.com/57e230cebffd9310200495da/64b6c04659b705ba699cdea8_CO_Alamosa_00064 Property 001.jpg]
[cdn.prod.website-files.com/57e230cebffd9310200495da/6477ec0ddfcdda9a7997b86f_CO_Alamosa_00037 - 1.jpg]
[cdn.prod.website-files.com/57e230cebffd9310200495da/64ed3038fe2694b4ec768890_co_costilla_00017_1.jpg]
[cdn.prod.website-files.com/57e230cebffd9310200495da/64a61c1e39b7be36f17ba366_CO_Huerfano_00109 CMS Round 3 Sarah.001.jpg]
[cdn.prod.website-files.com/57e230cebffd9310200495da/64e8d95d9dcd4b28e425d63a_CO_Huerfano_00077 - 1.jpg]
[cdn.prod.website-files.com/57e230cebffd9310200495da/64518df3b544e598a95d04b0_co_huerfano_00032_1.jpg]
[cdn.prod.website-files.com/57e230cebffd9310200495da/6435d75b097b7e8c1e10bc4a_CO_Conejos_00009_Main-1.jpg]
[cdn.prod.website-files.com/57e230cebffd9310200495da/6435cea2edddb049afaf921f_CO_Conejos_00008_Main-1.jpg]
[cdn.prod.website-files.com/57e230cebffd9310200495da/642222cbdbaeba33ce9c102e_CO_Conejos_00019_Main-91.jpg]
[cdn.prod.website-files.com/57e230cebffd9310200495da/640bb10ed2fdcfd83d1693ea_CO_Conejos_00020_Main-1.jpg]
[cdn.prod.website-files.com/57e230cebffd9310200495da/59a25073fdd0390001e085dc_CO_Huerfano_TRR_Lot-123E_36-Acres - 1.jpg]
[cdn.prod.website-files.com/57e230cebffd9310200495da/6392179d5e4e7d90fdea4feb_CO_Conejos_00022_main-1.jpg]
[cdn.prod.website-files.com/57e230cebffd9310200495da/6374062f6d975e5f691e21cf_co_ouray_00001_1.jpg]
[cdn.prod.website-files.com/57e230cebffd9310200495da/64ac7781b5b9ed47ee8b915f_CO_Alamosa_00054 Property 001.jpg]
[cdn.prod.website-files.com/57e230cebffd9310200495da/641c1d68c17bb1357e3a9ace_CO_Alamosa_00066.jpg]
[cdn.prod.website-files.com/57e230cebffd9310200495da/64b814463c3870fe6b409b4b_CO_Alamosa_00065 Property 001.jpg]
[cdn.prod.website-files.com/57e230cebffd9310200495da/64b716e08c11b02da0f932d8_CO_Alamosa_00063 Property 001.jpg]
[cdn.prod.website-files.com/57e230cebffd9310200495da/64b1ce9a8440927613a24e27_CO_Alamosa_00062 Property 001.jpg]
[cdn.prod.website-files.com/57e230cebffd9310200495da/64b555f967e581835008f9d0_CO_Alamosa_00061 Property 001.jpg]
[cdn.prod.website-files.com/57e230cebffd9310200495da/6345e67348d03f1580264f79_CO_Alamosa_00060-Upcoming-Main-1.jpg]
[cdn.prod.website-files.com/57e230cebffd9310200495da/64b04cd68742178eb7bdeb9c_CO_Alamosa_00058 Property 001.jpg]
[cdn.prod.website-files.com/57e230cebffd9310200495da/64af3be69dd11af6f8d74b7c_CO_Alamosa_00057 Property 001.jpg]
[cdn.prod.website-files.com/57e230cebffd9310200495da/64ad7f281ee474edaf3fe06d_CO_Alamosa_00056 Property 001.jpg]
[cdn.prod.website-files.com/57e230cebffd9310200495da/64adb437f58144cbcb8263bd_CO_Alamosa_00055 Property 001.jpg]
[cdn.prod.website-files.com/57e230cebffd9310200495da/633e6380a9588e129c205e77_co_conejos_00021_1.jpg]
[cdn.prod.website-files.com/57e230cebffd9310200495da/62f9fe768b9dd6b3a6298873_co_alamosa_00053 - 1.jpg]
[cdn.prod.website-files.com/57e230cebffd9310200495da/62df8ba0cf356347116ef275_CO_Huerfano_00106 - 1 (1).jpg]
[cdn.prod.website-files.com/57e230cebffd9310200495da/610b4d21ab9e3bfe9c1d58b6_CO_Huerfano_00099_Round-1_Matt.001.jpg]
[cdn.prod.website-files.com/57e230cebffd9310200495da/62a6973610ae3453bf789f32_CO_Huerfano_00089.jpg]
[cdn.prod.website-files.com/57e230cebffd9310200495da/629ce68dab109bac837f0025_CO_Alamosa_00036 - 1.jpg]
[cdn.prod.website-files.com/57e230cebffd9310200495da/6293dac736f7afabb4446250_CO_Las-Animas_00047.jpg]
[cdn.prod.website-files.com/57e230cebffd9310200495da/6257985e41e744be04d572c4_CO_Las-Animas_00052.jpg]
[cdn.prod.website-files.com/57e230cebffd9310200495da/62530aa0593a80176b8c2010_CO_Las-Animas_00053.jpg]
[cdn.prod.website-files.com/57e230cebffd9310200495da/62116641674f67514b86f486_CO_Costilla_00014.001.jpg]
[cdn.prod.website-files.com/57e230cebffd9310200495da/5d9d591d12f8e2170411714a_CO_Huerfano_00054 - 1 (1).jpg]
[cdn.prod.website-files.com/57e230cebffd9310200495da/620e9df2c228dd778414175a_CO_Alamosa_00042.001.jpg]
[cdn.prod.website-files.com/57e230cebffd9310200495da/5df3455a3b458a38510d2a85_CO_Huerfano_00055_Final.002.jpg]
[cdn.prod.website-files.com/57e230cebffd9310200495da/6206bfb992c257832a64608c_CO_Mesa_00001-min.jpg]
[www.landio.com/listing/co-huerfano-00103.html]
[cdn.prod.website-files.com/57e230cebffd9310200495da/61f78825850d48cb60002681_CO_Huerfano_00103.jpg]
[cdn.prod.website-files.com/57e230cebffd9310200495da/61eb391bb0ea7e53938766bc_CO_Huerfano_00102.jpg]
[cdn.prod.website-files.com/57e230cebffd9310200495da/61eb39569484aaffbef1484a_CO_Costilla_00012.jpg]
[cdn.prod.website-files.com/57e230cebffd9310200495da/61e366ed25bef709d8d67f72_CO_Alamosa_00052_3.jpg]
[cdn.prod.website-files.com/57e230cebffd9310200495da/5aff679b06484015aa2aaf33_CO_Conejos_Alamosa River Estates Block B Lot 59_Round-8(Ann).003.jpg]
[cdn.prod.website-files.com/57e230cebffd9310200495da/61ce156ed89a50865b3d393f_CO_Huerfano_00101.jpg]
[cdn.prod.website-files.com/57e230cebffd9310200495da/61c4c3e1438e857dbe812601_CO_Las-Animas_00051.jpg]
[cdn.prod.website-files.com/57e230cebffd9310200495da/61bc387035cb072abcbc3770_CO_Las-Animas_00050.001.jpg]
[cdn.prod.website-files.com/57e230cebffd9310200495da/5e6bead9bc3d82dd4f11ab72_CO_Custer_00001_main-1.jpg]
[cdn.prod.website-files.com/57e230cebffd9310200495da/5accf862a3d3a3dc57957d07_CO_Las-Animas_L D S 33-32-65 SESE_(39.10 Acres)_Without-Text.018.jpg]
[cdn.prod.website-files.com/57e230cebffd9310200495da/611acb8a7e1fcd51b7bb8f1e_CO_Huerfano_00098.001.jpg]
[cdn.prod.website-files.com/57e230cebffd9310200495da/611440ee8eed084648c45fb1_CO_Las-Animas_00048_Round-1_Matt.001.jpg]
[cdn.prod.website-files.com/57e230cebffd9310200495da/610b11467a56c0ad01df9be3_CO_Huerfano_00097.001.jpg]
[cdn.prod.website-files.com/57e230cebffd9310200495da/5f052998783f0d384cade362_co_huerfano_00069_main-1.jpg]
[cdn.prod.website-files.com/57e230cebffd9310200495da/60cbe6e8120784768e2c11f2_Untitled-1.jpg]
[cdn.prod.website-files.com/57e230cebffd9310200495da/60bff6b86fac1c6530ab010b_CO_Huerfano_00096.001.jpg]
[cdn.prod.website-files.com/57e230cebffd9310200495da/60b19d8698b3531e07a83452_CO_Huerfano_00045.001.jpg]
[cdn.prod.website-files.com/57e230cebffd9310200495da/609f2a9c7534f5b3f6f01ad5_CO_Huerfano_00094_Round-1_Matt.001.jpg]
[cdn.prod.website-files.com/57e230cebffd9310200495da/60997ee9f2f584ef4124fc58_CO_Teller_00003.001.jpg]
[cdn.prod.website-files.com/57e230cebffd9310200495da/6088bef343e18b001b6968b2_CO_Teller_00001_Round-1_Matt.001.jpg]
[cdn.prod.website-files.com/57e230cebffd9310200495da/60abb155ab709f0b1646d4a4_CO_Teller_00002.jpg]
[cdn.prod.website-files.com/57e230cebffd9310200495da/6041c2a8f487b67f95e72afa_CO Huerfano 00078.jpg]
[cdn.prod.website-files.com/57e230cebffd9310200495da/608f48d1432416d88c455121_CO Alamosa 39 - 1.jpg]
[cdn.prod.website-files.com/57e230cebffd9310200495da/60691af073bd5e1f40c080ec_CO_Huerfano_00092_Final.001.jpg]
[cdn.prod.website-files.com/57e230cebffd9310200495da/6058ec4f2c70a024ee9d1967_CO_Huerfano_00095_Round-2_Sarah.001.jpg]
[cdn.prod.website-files.com/57e230cebffd9310200495da/6054f3b772a8dc78be5c83cc_CO_Huerfano_00091_Final_Matt.001.jpg]
[cdn.prod.website-files.com/57e230cebffd9310200495da/5e6676acf63b77600b52564d_CO_Huerfano_00061_Final.004.jpg]
[cdn.prod.website-files.com/57e230cebffd9310200495da/5d60a4bda93ad94abeca31dc_co_alamosa_00008 - 2.jpg]
[cdn.prod.website-files.com/57e230cebffd9310200495da/5d033eb95349343da2958308_CO_Las-Animas_00035_Round-4_Tory.001.jpg]
[www.landio.com/listing/co-las-animas-00007.html]
[cdn.prod.website-files.com/57e230cebffd9310200495da/5a18e63eca1ffe00016283b8_CO_Las-Animas_Sunrise Trails Filing No 1_ Parcels 12 _ 13 (71.14 Acres)-10.jpg]
[cdn.prod.website-files.com/57e230cebffd9310200495da/5d559c3d548be44c29de273d_co_alamosa_00008 - 1.jpg]
[www.landio.com/listing/co-huerfano-00082.html]
[cdn.prod.website-files.com/57e230cebffd9310200495da/5fcfe70a495b42d9ce859fd4_CO_Huerfano_00082_Final.001.jpg]
[cdn.prod.website-files.com/57e230cebffd9310200495da/5fca60fc2df97aefc4be052b_CO_Huerfano_00081.001.jpg]
[cdn.prod.website-files.com/57e230cebffd9310200495da/5fbd7469047dc6696f1c7e98_CO_Huerfano_00086.001.jpg]
[cdn.prod.website-files.com/57e230cebffd9310200495da/5fb0a1be0cbef14c97185b12_CO_Huerfano_00084.003.jpg]
[cdn.prod.website-files.com/57e230cebffd9310200495da/5fac6d5f8e4fc945c57dd01a_CO_Huerfano_00088.001.jpg]
[cdn.prod.website-files.com/57e230cebffd9310200495da/5fa72b3ff4753125850cf155_CO_Huerfano_00087.001.jpg]
[cdn.prod.website-files.com/57e230cebffd9310200495da/5fa48837b5f532061a7f8db0_CO_Huerfano_00083.001.jpg]
[cdn.prod.website-files.com/57e230cebffd9310200495da/5fa345a5d9497e44054bfc9c_CO_Huerfano_00085_1.jpg]
[cdn.prod.website-files.com/57e230cebffd9310200495da/5f9cb29bc933a030ac125b5c_CO_Huerfano_00080.001.html]
[www.landio.com/state/colorado.html]
[www.landio.com/state/idaho.html]
[www.landio.com/state/maine.html]
[www.landio.com/state/michigan.html]
[www.landio.com/state/nevada.html]
[www.landio.com/state/new-mexico.html]
[www.landio.com/state/oregon.html]
[www.landio.com/state/tennessee.html]
[www.landio.com/state/texas.html]
[www.landio.com/state/utah.html]
[www.landio.com/state/washington.html]
[www.landio.com/state/west-virginia.html]
[www.landio.com/faqs.html]
[www.landio.com/terms-and-conditions.html]
[www.landio.com/privacy-policy.html]
[www.landio.com/listing/nm-luna-00017.html]
[www.landio.com/listing/tn-stewart-00070.html]
[www.landio.com/listing/tn-stewart-00051.html]
[www.landio.com/listing/tx-sabine-00001.html]
[www.landio.com/listing/wy-carbon-00038.html]
[www.landio.com/listing/tn-stewart-00016.html]
[www.landio.com/listing/tn-stewart-00030.html]
[www.landio.com/listing/tn-stewart-00025.html]
[www.landio.com/listing/co-alamosa-00019.html]
[www.landio.com/listing/fl-taylor-00001.html]
[www.landio.com/listing/tn-stewart-00044.html]
[www.landio.com/listing/tn-stewart-00045.html]
[www.landio.com/listing/nm-san-miguel-00002.html]
[www.landio.com/listing/tn-stewart-00043.html]
[www.landio.com/land-for-salece11.html]
[www.landio.com/post/post-my-property.html]
[www.landio.com/checkout.html]
[www.landio.com/listing/ca-san-luis-obispo-00001.html]
[www.landio.com/state/alabama.html]
[www.landio.com/state/arkansas.html]
[www.landio.com/listing/ca-san-diego-00002.html]
[www.landio.com/listing/ca-inyo-00005.html]
[www.landio.com/listing/co-clear-creek-00002.html]
[www.landio.com/listing/co-huerfano-00103.html]
[www.landio.com/listing/co-las-animas-00007.html]
[www.landio.com/listing/co-huerfano-00082.html]
[www.landio.com/state/connecticut.html]
[www.landio.com/state/florida.html]
[www.landio.com/state/georgia.html]
[www.landio.com/state/hawaii.html]
[www.landio.com/state/illinois.html]
[www.landio.com/state/kansas.html]
[www.landio.com/state/louisiana.html]
[www.landio.com/state/massachusetts.html]
[www.landio.com/state/mississippi.html]
[www.landio.com/state/missouri.html]
[www.landio.com/state/montana.html]
[www.landio.com/state/new-york.html]
[www.landio.com/state/north-carolina-2.html]
[www.landio.com/state/oklahoma.html]
[www.landio.com/state/south-carolina.html]
[www.landio.com/state/virginia-2.html]
[www.landio.com/state/wyoming.html]
[www.landio.com/year.html]
[connect.facebook.net/en_US/fbevents.js]
[www.landio.com/listing/ca-inyo-00012.html]
[www.landio.com/listing/tn-stewart-00062.html]
[www.landio.com/listing/co-costilla-00019.html]
[www.landio.com/listing/tn-stewart-00074.html]
[www.landio.com/listing/tn-stewart-00073.html]
[www.landio.com/listing/tn-stewart-00068.html]
[www.landio.com/listing/tn-stewart-00067.html]
[www.landio.com/listing/tn-stewart-00066.html]
[www.landio.com/listing/tn-stewart-00065.html]
[www.landio.com/listing/tn-stewart-00064.html]
[www.landio.com/listing/tn-stewart-00061.html]
[www.landio.com/listing/tn-stewart-00060.html]
[www.landio.com/listing/tn-stewart-00058.html]
[www.landio.com/listing/tn-stewart-00057.html]
[www.landio.com/listing/tn-stewart-00056.html]
[www.landio.com/listing/tn-stewart-00055.html]
[www.landio.com/listing/tn-stewart-00054.html]
[www.landio.com/listing/tn-stewart-00047.html]
[www.landio.com/listing/nc-ashe-00009.html]
[www.landio.com/listing/nm-cibola-00047.html]
[www.landio.com/listing/wy-albany-00002.html]
[www.landio.com/listing/co-alamosa-00017.html]
[www.landio.com/listing/co-alamosa-00001.html]
[www.landio.com/listing/co-saguache-00007.html]
[www.landio.com/listing/ga-warren-00001.html]
[www.landio.com/listing/ms-panola-00001.html]
[www.landio.com/listing/co-costilla-00016.html]
[www.landio.com/listing/tn-stewart-00117.html]
[www.landio.com/listing/wy-carbon-00059.html]
[www.landio.com/listing/tn-stewart-00024.html]
[www.landio.com/listing/tn-stewart-00023.html]
[www.landio.com/listing/tn-stewart-00022.html]
[www.landio.com/listing/tn-stewart-00021.html]
[www.landio.com/listing/co-alamosa-00005.html]
[www.landio.com/listing/nm-valencia-00003.html]
[www.landio.com/listing/il-piatt-00002.html]
[www.landio.com/listing/tx-parmer-00001.html]
[www.landio.com/listing/tx-hockley-00001.html]
[www.landio.com/listing/tn-stewart-00046.html]
[www.landio.com/listing/tn-stewart-00017.html]
[www.landio.com/listing/or-klamath-00004.html]
[www.landio.com/listing/nm-torrance-00012.html]
[www.landio.com/listing/co-huerfano-00076.html]
[www.landio.com/listing/tn-giles-00002.html]
[www.landio.com/land-for-salefa88.html]
[www.landio.com/land-for-saled8ee.html]
[www.landio.com/land-for-salecf56.html]
[www.landio.com/land-for-saleb306.html]
[www.landio.com/blog.html]
[www.landio.com/_https_/cdn.prod.website-files.com/57e230cebffd9310200495d6/659fe2c4aa7f10f881fc572e_LANDIO Hero video-poster-00001.html]
[www.landio.com/listing/year.html]
[www.landio.com/listing/tn-stewart-00071.html]
[www.landio.com/listing/tn-stewart-00052.html]
[www.landio.com/listing/tn-stewart-00048.html]
[www.landio.com/listing/nm-cibola-00079.html]
[www.landio.com/listing/nm-cibola-00078.html]
[www.landio.com/listing/az-pima-00001.html]
[www.landio.com/listing/nm-luna-00031.html]
[www.landio.com/listing/co-las-animas-00056.html]
[www.landio.com/listing/fl-washington-00002.html]
[www.landio.com/listing/az-mohave-00003.html]
[www.landio.com/listing/nm-santa-fe-00003.html]
[www.landio.com/listing/nm-torrance-00018.html]
[www.landio.com/listing/wa-clark-00004.html]
[www.landio.com/listing/nm-socorro-00001.html]
[www.landio.com/listing/ca-inyo-00013.html]
[www.landio.com/listing/co-costilla-00026.html]
[www.landio.com/listing/co-costilla-00025.html]
[www.landio.com/listing/ca-lassen-00001.html]
[www.landio.com/listing/tx-montague-00001.html]
[www.landio.com/listing/co-park-00003.html]
[www.landio.com/listing/ca-los-angeles-00001.html]
[www.landio.com/listing/nm-colfax-00002.html]
[www.landio.com/listing/wa-ferry-00001.html]
[www.landio.com/listing/va-rockbridge-00001.html]
[www.landio.com/listing/co-costilla-00022.html]
[www.landio.com/listing/tx-tarrant-00002.html]
[www.landio.com/listing/tx-leon-00002.html]
[www.landio.com/listing/co-teller-00004.html]
[www.landio.com/listing/nm-catron-00004.html]
[www.landio.com/listing/co-park-00002.html]
[www.landio.com/listing/sc-laurens-00001.html]
[www.landio.com/listing/nm-cibola-00075.html]
[www.landio.com/listing/nm-cibola-00040.html]
[www.landio.com/listing/tn-stewart-00003.html]
[www.landio.com/listing/tn-stewart-00019.html]
[www.landio.com/listing/nm-sandoval-00001.html]
[www.landio.com/real-estate-marketing.html]
[www.landio.com/listing/ca-inyo-00010.html]
[www.landio.com/listing/ca-inyo-00004.html]
[www.landio.com/listing/nm-torrance-00017.html]
[www.landio.com/listing/nm-torrance-00013.html]
[www.landio.com/listing/nm-torrance-00014.html]
[www.landio.com/listing/nm-cibola-00019.html]
[www.landio.com/listing/nm-cibola-00028.html]
[www.landio.com/listing/ak-kenai-peninsula-00001.html]
[www.landio.com/state/year.html]
[www.landio.com/state/arizona.html]
[www.landio.com/listing/ca-trinity-00002.html]
[www.landio.com/listing/ca-san-bernardino-00002.html]
[www.landio.com/listing/ca-san-diego-00001.html]
[www.landio.com/listing/ca-inyo-00009.html]
[www.landio.com/listing/ca-inyo-00008.html]
[www.landio.com/listing/ca-inyo-00007.html]
[www.landio.com/listing/ca-inyo-00006.html]
[www.landio.com/listing/ca-inyo-00003.html]
[www.landio.com/listing/ca-inyo-00002.html]
[www.landio.com/listing/ca-inyo-00001.html]
[www.landio.com/listing/ca-trinity-00001.html]
[www.landio.com/state/canada.html]
[www.landio.com/listing/co-costilla-00024.html]
[www.landio.com/listing/co-montezuma-00001.html]
[www.landio.com/listing/co-costilla-00021.html]
[www.landio.com/listing/co-clear-creek-00001.html]
[www.landio.com/listing/co-costilla-00018.html]
[www.landio.com/listing/co-costilla-00015.html]
[www.landio.com/listing/co-rio-grande-00002.html]
[www.landio.com/listing/co-alamosa-00059.html]
[www.landio.com/listing/co-alamosa-00064.html]
[www.landio.com/listing/co-alamosa-00037.html]
[www.landio.com/listing/co-costilla-00017.html]
[www.landio.com/listing/co-huerfano-00109.html]
[www.landio.com/listing/co-huerfano-00077.html]
[www.landio.com/listing/co-huerfano-00032.html]
[www.landio.com/listing/co-conejos-00009.html]
[www.landio.com/listing/co-conejos-00008.html]
[www.landio.com/listing/co-conejos-00019.html]
[www.landio.com/listing/co-conejos-00020.html]
[www.landio.com/listing/co-huerfano-00003.html]
[www.landio.com/listing/co-conejos-00022.html]
[www.landio.com/listing/co-ouray-00001.html]
[www.landio.com/listing/co-alamosa-00067.html]
[www.landio.com/listing/co-alamosa-00066.html]
[www.landio.com/listing/co-alamosa-00065.html]
[www.landio.com/listing/co-alamosa-00063.html]
[www.landio.com/listing/co-alamosa-00062.html]
[www.landio.com/listing/co-alamosa-00061.html]
[www.landio.com/listing/co-alamosa-00060.html]
[www.landio.com/listing/co-alamosa-00058]
[www.landio.com/listing/co-alamosa-00057]
[www.landio.com/listing/co-alamosa-00056]
[www.landio.com/listing/co-alamosa-00055]
[www.landio.com/listing/co-alamosa-00054]
[www.landio.com/listing/co-conejos-00021]
[www.landio.com/listing/co-alamosa-00053]
[www.landio.com/listing/co-huerfano-00106]
[www.landio.com/listing/co-huerfano-00099]
[www.landio.com/listing/co-huerfano-00089]
[www.landio.com/listing/co-alamosa-00036]
[www.landio.com/listing/co-las-animas-00047]
[www.landio.com/listing/co-las-animas-00052]
[www.landio.com/listing/co-alamosa-00030]
[www.landio.com/listing/co-las-animas-00053]
[www.landio.com/listing/co-costilla-00014]
[www.landio.com/listing/co-huerfano-00054]
[www.landio.com/listing/co-alamosa-00042]
[www.landio.com/listing/co-huerfano-00105]
[www.landio.com/listing/co-mesa-00001.html]
[www.landio.com/listing/co-huerfano-00102.html]
[www.landio.com/listing/co-costilla-00012.html]
[www.landio.com/listing/co-alamosa-00052.html]
[www.landio.com/listing/co-conejos-00006.html]
[www.landio.com/listing/co-huerfano-00101.html]
[www.landio.com/listing/co-las-animas-00051.html]
[www.landio.com/listing/co-las-animas-00050.html]
[www.landio.com/listing/co-custer-00001.html]
[www.landio.com/listing/co-las-animas-00003.html]
[www.landio.com/listing/co-huerfano-00098.html]
[www.landio.com/listing/co-las-animas-00048.html]
[www.landio.com/listing/co-huerfano-00097.html]
[www.landio.com/listing/co-huerfano-00100.html]
[www.landio.com/listing/co-las-animas-00028.html]
[www.landio.com/listing/co-huerfano-00096.html]
[www.landio.com/listing/co-huerfano-00045.html]
[www.landio.com/listing/co-huerfano-00094.html]
[www.landio.com/listing/co-teller-00003.html]
[www.landio.com/listing/co-teller-00001.html]
[www.landio.com/listing/co-teller-00002.html]
[www.landio.com/listing/co-huerfano-00078.html]
[www.landio.com/listing/co-alamosa-00039.html]
[www.landio.com/listing/co-conejos-00007.html]
[www.landio.com/listing/co-huerfano-00092.html]
[www.landio.com/listing/co-huerfano-00095.html]
[www.landio.com/listing/co-huerfano-00091.html]
[www.landio.com/listing/co-huerfano-00061.html]
[www.landio.com/listing/co-alamosa-00009.html]
[www.landio.com/listing/co-las-animas-00046.html]
[www.landio.com/listing/co-alamosa-00051.html]
[www.landio.com/listing/co-huerfano-00081.html]
[www.landio.com/listing/co-huerfano-00086.html]
[www.landio.com/listing/co-huerfano-00084.html]
[www.landio.com/listing/co-huerfano-00088.html]
[www.landio.com/listing/co-huerfano-00087.html]
[www.landio.com/listing/co-huerfano-00083.html]
[www.landio.com/listing/co-huerfano-00085.html]
[www.landio.com/listing/co-huerfano-00080.html]
